jlt@infratest:/opt/DeviceTrackerCentral$ sudo -u postgres psql -c "CREATE DATABASE icums;" sudo -u postgres psql -c "CREATE USER icums_user WITH PASSWORD 'Qwerty1@';" sudo -u postgres psql -c "GRANT ALL PRIVILEGES ON DATABASE icums TO icums_user;"
/usr/lib/postgresql/16/bin/psql: invalid option -- 'u'
psql: hint: Try "psql --help" for more information.
jlt@infratest:/opt/DeviceTrackerCentral$ sudo -u postgres psql -c "CREATE DATABASE icums;"
ERROR:  database "icums" already exists
jlt@infratest:/opt/DeviceTrackerCentral$ sudo -u postgres psql -c "CREATE USER icums_user WITH PASSWORD 'Qwerty1@';"
ERROR:  role "icums_user" already exists
jlt@infratest:/opt/DeviceTrackerCentral$ sudo -u postgres psql -c "GRANT ALL PRIVILEGES ON DATABASE icums TO icums_user;"
GRANT
jlt@infratest:/opt/DeviceTrackerCentral$ sudo postgres
sudo: postgres: command not found
jlt@infratest:/opt/DeviceTrackerCentral$ sudo su postgres
postgres@infratest:/opt/DeviceTrackerCentral$ ALTER USER "icums_user" with PASSWORD 'Qwerty1@';
ALTER: command not found
postgres@infratest:/opt/DeviceTrackerCentral$ ALTER USER "icums_user" with PASSWORD 'Qwerty1@';^C
postgres@infratest:/opt/DeviceTrackerCentral$ psql
psql (16.6 (Ubuntu 16.6-0ubuntu0.24.04.1))
Type "help" for help.

postgres=#  ALTER USER "icums_user" with PASSWORD 'Qwerty1@';
ALTER ROLE
postgres=# \q
postgres@infratest:/opt/DeviceTrackerCentral$ exi
Command 'exi' not found, but there are 16 similar ones.
postgres@infratest:/opt/DeviceTrackerCentral$ exit
exit
jlt@infratest:/opt/DeviceTrackerCentral$ npm run dev

> rest-express@1.0.0 dev
> tsx server/index.ts

/opt/DeviceTrackerCentral/server/db.ts:9
  throw new Error(
        ^


Error: DATABASE_URL must be set. Did you forget to provision a database?
    at <anonymous> (/opt/DeviceTrackerCentral/server/db.ts:9:9)
    at ModuleJob.run (node:internal/modules/esm/module_job:195:25)
    at async ModuleLoader.import (node:internal/modules/esm/loader:337:24)
    at async loadESM (node:internal/process/esm_loader:34:7)
    at async handleMainPromise (node:internal/modules/run_main:106:12)

Node.js v18.20.6
jlt@infratest:/opt/DeviceTrackerCentral$
